{keyword("Radioactivity"), keyword("Polonium"), keyword("Radium"), keyword("iWoz"), keyword("Macintosh"), keyword("First Personal Computer"), keyword("Apple"), keyword("Das seelenleben des Jugendlichen"), keyword("Humanistic Psychology"), keyword("Vienna Definition Language"), keyword("URRI"), keyword("IBM"), keyword("Mailuefterl"), keyword("Nobel Price"), keyword("quantum theory"), keyword("special thory of relativity"), keyword("theory of relativity")}
